// Jest Snapshot v1, https://goo.gl/fbAQLP

exports[`It matches the snapshot 1`] = `
<div
  class="background"
>
  <div
    class="bgBlur"
  >
    <div
      class="overlay"
    >
      <h1
        class="landing-text"
      >
         Welcome to QA Cinemas
      </h1>
      <h3
        class="landing-text"
      >
        Experience all the latest movies in stunning IMAX!
      </h3>
    </div>
    <div
      className="d-flex align-items-center justify-content-center carousel slide"
      onKeyDown={[Function]}
      onMouseOut={[Function]}
      onMouseOver={[Function]}
      onTouchEnd={[Function]}
      onTouchMove={[Function]}
      onTouchStart={[Function]}
    >
      <ol
        className="carousel-indicators"
      >
        <li
          className="active"
          onClick={[Function]}
        />
        <li
          onClick={[Function]}
        />
        <li
          onClick={[Function]}
        />
        <li
          onClick={[Function]}
        />
      </ol>
      <div
        className="carousel-inner"
      >
        <div
          className="active carousel-item"
          interval={4000}
        >
          <img
            alt="In the heights img"
            height="900"
            href="/Forum"
            src="In-The-Heights.jpg"
            style={
              Object {
                "objectFit": "cover",
                "width": "100%",
              }
            }
          />
        </div>
        <div
          className="carousel-item"
          interval={4000}
        >
          <img
            alt="Black Widow img"
            height="900"
            src="Black-Widow.jpg"
            style={
              Object {
                "objectFit": "cover",
                "width": "100%",
              }
            }
          />
        </div>
        <div
          className="carousel-item"
          interval={4000}
        >
          <img
            alt="Demon Slayer img"
            height="900"
            src="Demon Slayer.jpg"
            style={
              Object {
                "objectFit": "cover",
                "width": "100%",
              }
            }
          />
        </div>
        <div
          className="carousel-item"
          interval={4000}
        >
          <img
            alt="Fast and Furious img"
            height="900"
            src="Fast9.jpg"
            style={
              Object {
                "objectFit": "cover",
                "width": "100%",
              }
            }
          />
        </div>
      </div>
      <a
        className="carousel-control-prev"
        href="#"
        onClick={[Function]}
        onKeyDown={[Function]}
        role="button"
      >
        <span
          aria-hidden="true"
          className="carousel-control-prev-icon"
        />
        <span
          className="sr-only"
        >
          Previous
        </span>
      </a>
      <a
        className="carousel-control-next"
        href="#"
        onClick={[Function]}
        onKeyDown={[Function]}
        role="button"
      >
        <span
          aria-hidden="true"
          className="carousel-control-next-icon"
        />
        <span
          className="sr-only"
        >
          Next
        </span>
      </a>
    </div>
    <div
      className="container"
    >
      <div
        className="container"
      >
        <div
          className="mt-5 row"
        >
          <div
            className="col-md-6"
          >
            <h2
              class="display-4"
            >
              Unrivaled Quality
            </h2>
            <p
              class="lead"
            >
              Immerse yourself completely in the big screen experience with QA Cinemas IMAX. Every aspect of our IMAX Screens is designed to pull you into the film. Indulge in the journey that tickles your senses and brings them back to life. Transporting yourself into a new reality with our super-sized screens pulling you into the film, ear-tingling audio environment to ensure you can even hear a pin drop and where within the film as well as breath-taking imagery, watching movies on your computer will never be the same again.
            </p>
          </div>
          <div
            className="mt-5 col-md-6"
          >
            <img
              alt="Imax Screen img"
              class="imgContainer"
              src="Imax screen.jpg"
            />
          </div>
          <div
            className="col-md-12"
          >
            <div>
              <img
                alt="Imax Logo"
                class="imgContainer"
                src="Imax.png"
              />
            </div>
          </div>
        </div>
      </div>
    </div>
  </div>
</div>
`;
