// Jest Snapshot v1, https://goo.gl/fbAQLP

exports[`Forum landing page testing should render forum landing page 1`] = `
<div
  class="background"
>
  <div
    className="container"
  >
    <div
      className="bgBlur jumbotron"
    >
      <h1
        class="landing-text"
      >
         Forum 
      </h1>
      <h3
        class="lead"
      >
        Discuss about your movie experiences here!
      </h3>
      <div
        className="container"
      >
        <div
          className="row"
        >
          <div
            className="py-3 col-lg-4"
          >
            <div
              className="text-white cardHoverZoom card"
              style={
                Object {
                  "backgroundColor": "#A02626",
                  "flex": 1,
                }
              }
            >
              <img
                alt="Fast and Furious 9 Poster"
                className="card-img"
                height="200px"
                src="https://m.media-amazon.com/images/M/MV5BMjI0NmFkYzEtNzU2YS00NTg5LWIwYmMtNmQ1MTU0OGJjOTMxXkEyXkFqcGdeQXVyMjMxOTE0ODA@.jpg"
                style={
                  Object {
                    "objectFit": "cover",
                    "opacity": 0.8,
                  }
                }
              />
              <div
                className="card-body"
              >
                <p
                  className="card-text"
                >
                  Click the button below to talk about 
                  Fast and Furious 9
                  !
                </p>
                <a
                  href="/comments/undefined"
                  onClick={[Function]}
                >
                  <button
                    className="text-white btn btn-outline-dark"
                    disabled={false}
                    type="button"
                  >
                    View Comments...
                  </button>
                </a>
              </div>
            </div>
          </div>
        </div>
      </div>
    </div>
  </div>
</div>
`;
