// Jest Snapshot v1, https://goo.gl/fbAQLP

exports[`testing the navigation tests the search function 1`] = `
<nav
  className="NavBar navbar navbar-expand-lg navbar-dark"
>
  <div
    className="container"
  >
    <a
      className="navbar-brand"
      href="/Home"
    >
      <img
        alt=""
        className="d-inline-block align-top"
        height="35"
        src="Logo.png"
        width="125"
      />
    </a>
    <button
      aria-controls="basic-navbar-nav"
      aria-label="Toggle navigation"
      className="navbar-toggler collapsed"
      onClick={[Function]}
      type="button"
    >
      <span
        className="navbar-toggler-icon"
      />
    </button>
    <div
      aria-expanded={null}
      className="navbar-collapse collapse"
      id="basic-navbar-nav"
    >
      <div
        className="mr-auto navbar-nav"
        onKeyDown={[Function]}
      >
        <a
          className="nav-link"
          data-rb-event-key="/Home"
          href="/Home"
          onClick={[Function]}
          onKeyDown={[Function]}
        >
          Home
        </a>
        <div
          className="nav-item dropdown"
        >
          <a
            aria-expanded={false}
            aria-haspopup={true}
            className="dropdown-toggle nav-link"
            data-rb-event-key={null}
            href="#"
            id="basic-nav-dropdown"
            onClick={[Function]}
            onKeyDown={[Function]}
            role="button"
          >
            Movies
          </a>
        </div>
        <a
          className="nav-link"
          data-rb-event-key="/Tickets"
          href="/Tickets"
          onClick={[Function]}
          onKeyDown={[Function]}
        >
          Tickets
        </a>
        <a
          className="nav-link"
          data-rb-event-key="/Screens"
          href="/Screens"
          onClick={[Function]}
          onKeyDown={[Function]}
        >
          Screens
        </a>
        <a
          className="nav-link"
          data-rb-event-key="/OpeningTimes"
          href="/OpeningTimes"
          onClick={[Function]}
          onKeyDown={[Function]}
        >
          Opening Times
        </a>
        <a
          className="nav-links nav-link"
          data-rb-event-key="/Forum"
          href="/Forum"
          onClick={[Function]}
          onKeyDown={[Function]}
        >
          Forum
        </a>
        <a
          className="nav-link"
          data-rb-event-key="/Classifications/0"
          href="/Classifications/0"
          onClick={[Function]}
          onKeyDown={[Function]}
        >
          Classifications
        </a>
      </div>
      <form
        className="form-inline"
      >
        <button
          className="btn btn-outline-danger btn-block"
          disabled={false}
          onClick={[Function]}
          type="button"
        >
          Search
        </button>
      </form>
    </div>
  </div>
</nav>
`;
